version https://git-lfs.github.com/spec/v1
oid sha256:8d03a1b415fc7101921ce630c8ae21d2743659f49b416f7bed3ff3b42ac4a2e4
size 139706368
