version https://git-lfs.github.com/spec/v1
oid sha256:141536e6ea6295e4e1d2632b5ddcd099d16caf3c20c5124aa5727b8a762bec8e
size 155615232
