version https://git-lfs.github.com/spec/v1
oid sha256:da2cf59809bcde229a7b4ede00a00b2d57f6b5b48e2e14b077a157a6c4fc119a
size 151625728
