version https://git-lfs.github.com/spec/v1
oid sha256:07268c98f6df84eea13023f3ba2c719bff3e96a03acc113367cb897b0f4c25cc
size 152592384
