version https://git-lfs.github.com/spec/v1
oid sha256:702714b476a50c9f024d1316f5bce9c2912e2b71af0208d308467e48e915aa05
size 156278784
