version https://git-lfs.github.com/spec/v1
oid sha256:09cdb505086d875631709eea08c60aa79001124d68bfb2f14d15fb3f3c2b85cd
size 163442688
